// Jest Snapshot v1, https://goo.gl/fbAQLP

exports[`renders CurrencyList component correctly 1`] = `
<div>
  <div
    class="search-bar"
  >
    <input
      placeholder="Search"
      type="text"
      value=""
    />
    <button
      type="button"
    >
      Search
    </button>
  </div>
  <div
    class="table-container"
  >
    <table>
      <thead>
        <tr>
          <th>
            Rank
          </th>
          <th>
            Name
          </th>
          <th>
            Symbol
          </th>
          <th>
            Current Price
          </th>
          <th>
            24h Change
          </th>
          <th>
            Total Volume
          </th>
          <th>
            Market Cap
          </th>
        </tr>
      </thead>
      <tbody>
        <tr>
          <td
            data-label="Rank"
          >
            undefined
          </td>
          <td
            data-label="Name"
          >
            <img
              alt="bitcoin.png-logo"
              class="img"
              src="bitcoin.png"
            />
            Bitcoin
          </td>
          <td
            data-label="Symbol"
          >
            BTC
          </td>
          <td
            data-label="Current Price"
          >
            $ undefined
          </td>
          <td
            data-label="24h Change"
          >
            undefined %
          </td>
          <td
            data-label="Total Volume"
          >
            $ undefined
          </td>
          <td
            data-label="Market Cap"
          >
            $ undefined
          </td>
        </tr>
      </tbody>
    </table>
  </div>
</div>
`;
