// Jest Snapshot v1, https://goo.gl/fbAQLP

exports[`Footer component renders correctly 1`] = `
<DocumentFragment>
  <p
    class="copyright"
  >
    Â© 2023 Crypto Panel | Developed by Abdulali Noori
  </p>
</DocumentFragment>
`;
